// Jest Snapshot v1, https://goo.gl/fbAQLP

exports[`Snapshot components test Rockets component test 1`] = `
<div
  className="card-list"
/>
`;
